[2m10:25:22 p. m.[22m [33m[1m[vite][22m[39m [33mwarning: `esbuild` option was specified by "vite:react-babel" plugin. This option is deprecated, please use `oxc` instead.[39m
`optimizeDeps.rollupOptions` / `ssr.optimizeDeps.rollupOptions` is deprecated. Use `optimizeDeps.rolldownOptions` instead. Note that this option may be set by a plugin. Set VITE_DEPRECATION_TRACE=1 to see where it is called.
[33mBoth esbuild and oxc options were set. oxc options will be used and esbuild options will be ignored.[39m The following esbuild options were set: `{ jsx: 'automatic', jsxImportSource: undefined }`
[vite:react-babel] We recommend switching to `@vitejs/plugin-react-oxc` for improved performance. More information at https://vite.dev/rolldown

[1m[46m RUN [49m[22m [36mv4.1.2 [39m[90mC:/Users/kaile/Downloads/Qcut-main[39m

 [31m❯[39m src/firebase/appointmentConfirmation.callables.test.js [2m([22m[2m0 test[22m[2m)[22m

[31m⎯⎯⎯⎯⎯⎯[39m[1m[41m Failed Suites 1 [49m[22m[31m⎯⎯⎯⎯⎯⎯⎯[39m

[41m[1m FAIL [22m[49m src/firebase/appointmentConfirmation.callables.test.js[2m [ src/firebase/appointmentConfirmation.callables.test.js ][22m
[31m[1mRolldownError[22m: Parse failure: Parse failed with 1 error:
Cannot assign to this expression
15:  */
16: if (typeof Object.assign(/* istanbul ignore next */ globalThis.__vitest_worker__?.metaEnv ?? import.meta.env) === 'un...
17:   Object.assign(/* istanbul ignore next */ globalThis.__vitest_worker__?.metaEnv ?? import.meta.env) = {};
      ^
18: }
19: Object.assign(Object.assign(/* istanbul ignore next */ globalThis.__vitest_worker__?.metaEnv ?? import.meta.env), pro...
At file: /src/test/setup.js:17:2[39m
  File: [36m/src/test/setup.js[39m:17:2
[33m  15 |   */
  16 |  if (typeof Object.assign(/* istanbul ignore next */ globalThis.__vitest_worker__?.metaEnv ?? import.meta.env) === 'un...
  17 |    Object.assign(/* istanbul ignore next */ globalThis.__vitest_worker__?.metaEnv ?? import.meta.env) = {};
     |                    ^
  18 |  }
  19 |  Object.assign(Object.assign(/* istanbul ignore next */ globalThis.__vitest_worker__?.metaEnv ?? import.meta.env), pro...[39m
[90m [2m❯[22m error node_modules/rolldown/dist/shared/logs-D80CXhvg.mjs:[2m147:24[22m[39m
[90m [2m❯[22m normalizeParseError node_modules/rolldown/dist/parse-ast-index.mjs:[2m25:9[22m[39m
[90m [2m❯[22m wrap node_modules/rolldown/dist/parse-ast-index.mjs:[2m5:39[22m[39m
[90m [2m❯[22m parseAstAsync node_modules/rolldown/dist/parse-ast-index.mjs:[2m54:9[22m[39m
[90m [2m❯[22m ssrTransformScript node_modules/vite/dist/node/chunks/node.js:[2m11073:9[22m[39m
[90m [2m❯[22m loadAndTransform node_modules/vite/dist/node/chunks/node.js:[2m24211:64[22m[39m

[31m[2m⎯⎯⎯⎯⎯⎯⎯⎯⎯⎯⎯⎯⎯⎯⎯⎯⎯⎯⎯⎯⎯⎯⎯⎯[1/1]⎯[22m[39m


[2m Test Files [22m [1m[31m1 failed[39m[22m[90m (1)[39m
[2m      Tests [22m [2mno tests[22m
[2m   Start at [22m 22:25:22
[2m   Duration [22m 753ms[2m (transform 0ms, setup 0ms, import 0ms, tests 0ms, environment 523ms)[22m

